2026-07-17 18:04:35,614 polysignal.executor INFO shadow executor warmed up
2026-07-17 18:04:35,919 polysignal.feeds INFO oracle RTDS connected
2026-07-17 18:04:36,351 polysignal.feeds INFO binance connected: wss://data-stream.binance.vision/ws/btcusdt@trade
2026-07-17 18:16:52,513 polysignal.feeds WARNING binance disconnected: ConnectionClosedError(None, None, None) — reconnect in 1s
2026-07-17 18:16:52,514 polysignal.feeds WARNING oracle disconnected: ConnectionClosedError(None, None, None) — reconnect in 1s
2026-07-17 18:16:53,518 polysignal.feeds WARNING binance disconnected: ConnectionRefusedError(111, "Connect call failed ('127.0.0.1', 42721)") — reconnect in 2s
2026-07-17 18:16:53,519 polysignal.feeds WARNING oracle disconnected: ConnectionRefusedError(111, "Connect call failed ('127.0.0.1', 42721)") — reconnect in 2s
2026-07-17 19:37:01,319 polysignal.feeds INFO oracle RTDS connected
2026-07-17 19:37:01,597 polysignal.feeds INFO binance connected: wss://data-stream.binance.vision/ws/btcusdt@trade
2026-07-17 19:37:02,853 polysignal.executor INFO shadow executor warmed up
2026-07-17 19:45:10,441 polysignal.executor INFO shadow executor warmed up
2026-07-17 19:45:10,983 polysignal.feeds INFO oracle RTDS connected
2026-07-17 19:45:11,304 polysignal.feeds INFO binance connected: wss://data-stream.binance.vision/ws/btcusdt@trade
2026-07-17 19:47:26,750 polysignal.executor INFO shadow executor warmed up
2026-07-17 19:47:27,285 polysignal.feeds INFO oracle RTDS connected
2026-07-17 19:47:27,535 polysignal.feeds INFO binance connected: wss://data-stream.binance.vision/ws/btcusdt@trade
2026-07-17 19:47:52,878 httpx INFO HTTP Request: GET https://clob.polymarket.com/ok "HTTP/2 200 OK"
2026-07-17 19:47:56,035 httpx INFO HTTP Request: GET https://clob.polymarket.com/ok "HTTP/2 200 OK"
2026-07-17 19:47:59,191 httpx INFO HTTP Request: GET https://clob.polymarket.com/ok "HTTP/2 200 OK"
2026-07-17 19:48:02,347 httpx INFO HTTP Request: GET https://clob.polymarket.com/ok "HTTP/2 200 OK"
2026-07-17 19:48:05,510 httpx INFO HTTP Request: GET https://clob.polymarket.com/ok "HTTP/2 200 OK"
2026-07-17 19:48:08,670 httpx INFO HTTP Request: GET https://clob.polymarket.com/ok "HTTP/2 200 OK"
2026-07-17 19:48:11,831 httpx INFO HTTP Request: GET https://clob.polymarket.com/ok "HTTP/2 200 OK"
2026-07-17 19:48:14,990 httpx INFO HTTP Request: GET https://clob.polymarket.com/ok "HTTP/2 200 OK"
2026-07-17 19:48:18,141 httpx INFO HTTP Request: GET https://clob.polymarket.com/ok "HTTP/2 200 OK"
2026-07-17 19:48:21,292 httpx INFO HTTP Request: GET https://clob.polymarket.com/ok "HTTP/2 200 OK"
2026-07-17 19:48:24,446 httpx INFO HTTP Request: GET https://clob.polymarket.com/ok "HTTP/2 200 OK"
2026-07-17 19:48:27,605 httpx INFO HTTP Request: GET https://clob.polymarket.com/ok "HTTP/2 200 OK"
2026-07-17 19:48:30,762 httpx INFO HTTP Request: GET https://clob.polymarket.com/ok "HTTP/2 200 OK"
2026-07-17 19:48:33,917 httpx INFO HTTP Request: GET https://clob.polymarket.com/ok "HTTP/2 200 OK"
2026-07-17 19:48:37,071 httpx INFO HTTP Request: GET https://clob.polymarket.com/ok "HTTP/2 200 OK"
2026-07-17 19:48:40,226 httpx INFO HTTP Request: GET https://clob.polymarket.com/ok "HTTP/2 200 OK"
2026-07-17 19:48:43,379 httpx INFO HTTP Request: GET https://clob.polymarket.com/ok "HTTP/2 200 OK"
2026-07-17 19:48:46,532 httpx INFO HTTP Request: GET https://clob.polymarket.com/ok "HTTP/2 200 OK"
2026-07-17 19:48:49,693 httpx INFO HTTP Request: GET https://clob.polymarket.com/ok "HTTP/2 200 OK"
2026-07-17 19:48:52,857 httpx INFO HTTP Request: GET https://clob.polymarket.com/ok "HTTP/2 200 OK"
2026-07-17 19:48:56,045 httpx INFO HTTP Request: GET https://clob.polymarket.com/ok "HTTP/2 200 OK"
2026-07-17 19:48:59,199 httpx INFO HTTP Request: GET https://clob.polymarket.com/ok "HTTP/2 200 OK"
2026-07-17 19:49:02,350 httpx INFO HTTP Request: GET https://clob.polymarket.com/ok "HTTP/2 200 OK"
2026-07-17 19:49:05,505 httpx INFO HTTP Request: GET https://clob.polymarket.com/ok "HTTP/2 200 OK"
2026-07-17 19:49:08,655 httpx INFO HTTP Request: GET https://clob.polymarket.com/ok "HTTP/2 200 OK"
2026-07-17 19:49:11,807 httpx INFO HTTP Request: GET https://clob.polymarket.com/ok "HTTP/2 200 OK"
2026-07-17 19:49:14,958 httpx INFO HTTP Request: GET https://clob.polymarket.com/ok "HTTP/2 200 OK"
2026-07-17 19:49:18,111 httpx INFO HTTP Request: GET https://clob.polymarket.com/ok "HTTP/2 200 OK"
2026-07-17 19:49:21,294 httpx INFO HTTP Request: GET https://clob.polymarket.com/ok "HTTP/2 200 OK"
2026-07-17 19:49:24,446 httpx INFO HTTP Request: GET https://clob.polymarket.com/ok "HTTP/2 200 OK"
2026-07-17 19:49:27,619 httpx INFO HTTP Request: GET https://clob.polymarket.com/ok "HTTP/2 200 OK"
2026-07-17 19:49:30,779 httpx INFO HTTP Request: GET https://clob.polymarket.com/ok "HTTP/2 200 OK"
2026-07-17 19:49:33,932 httpx INFO HTTP Request: GET https://clob.polymarket.com/ok "HTTP/2 200 OK"
2026-07-17 19:49:37,089 httpx INFO HTTP Request: GET https://clob.polymarket.com/ok "HTTP/2 200 OK"
2026-07-17 19:49:40,255 httpx INFO HTTP Request: GET https://clob.polymarket.com/ok "HTTP/2 200 OK"
2026-07-17 19:49:43,407 httpx INFO HTTP Request: GET https://clob.polymarket.com/ok "HTTP/2 200 OK"
2026-07-17 19:49:46,564 httpx INFO HTTP Request: GET https://clob.polymarket.com/ok "HTTP/2 200 OK"
2026-07-17 19:49:49,719 httpx INFO HTTP Request: GET https://clob.polymarket.com/ok "HTTP/2 200 OK"
2026-07-17 19:50:56,885 polysignal.executor INFO shadow executor warmed up
2026-07-17 19:50:59,540 polysignal.feeds INFO binance connected: wss://data-stream.binance.vision/ws/btcusdt@trade
2026-07-17 19:51:03,347 polysignal.feeds WARNING oracle disconnected: InvalidStatus(Response(status_code=400, reason_phrase='Bad Request', headers=Headers([('Connection', 'close'), ('Content-Length', '26'), ('Cf-Cache-Status', 'DYNAMIC'), ('Cf-Ray', 'a1cbc7751a3c609d-IAD'), ('Connection', 'keep-alive'), ('Date', 'Fri, 17 Jul 2026 19:51:03 GMT'), ('Server', 'cloudflare'), ('Server-Timing', 'cfCacheStatus;desc="DYNAMIC"'), ('Server-Timing', 'cfEdge;dur=86,cfOrigin;dur=31'), ('Set-Cookie', '__cf_bm=YbeaNWhmBtZhEArqZR4Gi_2u8lHM_9YNoN86O4JFkkI-1784317863.2195835-1.0.1.1-LS.vrEynXvweX6N5lLxzXRFpaoVZYo_YlBEJzGqjPdQLQgNPXvzCCFJ7ELMzzdd3zMl7JO2w2L.nLiUIW5uOuVjR_j_aRT9EjhYIi5tPu_yNkOxcBXFyxCqPBcdNRHMi; HttpOnly; SameSite=None; Secure; Path=/; Domain=polymarket.com; Expires=Fri, 17 Jul 2026 20:21:03 GMT'), ('Speculation-Rules', '"/cdn-cgi/speculation"'), ('Strict-Transport-Security', 'max-age=7776000; includeSubDomains')]), body=bytearray(b'{"message": "Bad Request"}'), _exception=InvalidStatus(...))) — reconnect in 1s
2026-07-17 19:51:05,102 polysignal.feeds INFO oracle RTDS connected
2026-07-17 19:53:00,793 httpx INFO HTTP Request: GET https://clob.polymarket.com/ok "HTTP/2 200 OK"
2026-07-17 19:53:03,945 httpx INFO HTTP Request: GET https://clob.polymarket.com/ok "HTTP/2 200 OK"
2026-07-17 19:53:07,095 httpx INFO HTTP Request: GET https://clob.polymarket.com/ok "HTTP/2 200 OK"
2026-07-17 19:53:10,234 httpx INFO HTTP Request: GET https://clob.polymarket.com/ok "HTTP/2 200 OK"
2026-07-17 19:53:13,405 httpx INFO HTTP Request: GET https://clob.polymarket.com/ok "HTTP/2 200 OK"
2026-07-17 19:53:16,576 httpx INFO HTTP Request: GET https://clob.polymarket.com/ok "HTTP/2 200 OK"
2026-07-17 19:53:19,755 httpx INFO HTTP Request: GET https://clob.polymarket.com/ok "HTTP/2 200 OK"
2026-07-17 19:53:22,910 httpx INFO HTTP Request: GET https://clob.polymarket.com/ok "HTTP/2 200 OK"
2026-07-17 19:53:26,054 httpx INFO HTTP Request: GET https://clob.polymarket.com/ok "HTTP/2 200 OK"
2026-07-17 19:53:29,217 httpx INFO HTTP Request: GET https://clob.polymarket.com/ok "HTTP/2 200 OK"
2026-07-17 19:53:32,366 httpx INFO HTTP Request: GET https://clob.polymarket.com/ok "HTTP/2 200 OK"
2026-07-17 19:53:35,516 httpx INFO HTTP Request: GET https://clob.polymarket.com/ok "HTTP/2 200 OK"
2026-07-17 19:53:38,669 httpx INFO HTTP Request: GET https://clob.polymarket.com/ok "HTTP/2 200 OK"
2026-07-17 19:53:41,813 httpx INFO HTTP Request: GET https://clob.polymarket.com/ok "HTTP/2 200 OK"
2026-07-17 19:53:44,966 httpx INFO HTTP Request: GET https://clob.polymarket.com/ok "HTTP/2 200 OK"
2026-07-17 19:53:48,109 httpx INFO HTTP Request: GET https://clob.polymarket.com/ok "HTTP/2 200 OK"
2026-07-17 19:53:51,258 httpx INFO HTTP Request: GET https://clob.polymarket.com/ok "HTTP/2 200 OK"
2026-07-17 19:53:54,401 httpx INFO HTTP Request: GET https://clob.polymarket.com/ok "HTTP/2 200 OK"
2026-07-17 19:53:57,554 httpx INFO HTTP Request: GET https://clob.polymarket.com/ok "HTTP/2 200 OK"
2026-07-17 19:54:00,728 httpx INFO HTTP Request: GET https://clob.polymarket.com/ok "HTTP/2 200 OK"
2026-07-17 19:54:03,920 httpx INFO HTTP Request: GET https://clob.polymarket.com/ok "HTTP/2 200 OK"
2026-07-17 19:54:07,109 httpx INFO HTTP Request: GET https://clob.polymarket.com/ok "HTTP/2 200 OK"
2026-07-17 19:54:10,244 httpx INFO HTTP Request: GET https://clob.polymarket.com/ok "HTTP/2 200 OK"
2026-07-17 19:54:13,402 httpx INFO HTTP Request: GET https://clob.polymarket.com/ok "HTTP/2 200 OK"
2026-07-17 19:54:16,563 httpx INFO HTTP Request: GET https://clob.polymarket.com/ok "HTTP/2 200 OK"
2026-07-17 19:54:19,723 httpx INFO HTTP Request: GET https://clob.polymarket.com/ok "HTTP/2 200 OK"
2026-07-17 19:54:22,880 httpx INFO HTTP Request: GET https://clob.polymarket.com/ok "HTTP/2 200 OK"
2026-07-17 19:54:26,104 httpx INFO HTTP Request: GET https://clob.polymarket.com/ok "HTTP/2 200 OK"
2026-07-17 19:54:29,254 httpx INFO HTTP Request: GET https://clob.polymarket.com/ok "HTTP/2 200 OK"
2026-07-17 19:54:32,431 httpx INFO HTTP Request: GET https://clob.polymarket.com/ok "HTTP/2 200 OK"
2026-07-17 19:54:35,570 httpx INFO HTTP Request: GET https://clob.polymarket.com/ok "HTTP/2 200 OK"
2026-07-17 19:54:38,731 httpx INFO HTTP Request: GET https://clob.polymarket.com/ok "HTTP/2 200 OK"
2026-07-17 19:54:41,882 httpx INFO HTTP Request: GET https://clob.polymarket.com/ok "HTTP/2 200 OK"
2026-07-17 19:54:45,030 httpx INFO HTTP Request: GET https://clob.polymarket.com/ok "HTTP/2 200 OK"
2026-07-17 19:54:48,194 httpx INFO HTTP Request: GET https://clob.polymarket.com/ok "HTTP/2 200 OK"
2026-07-17 19:54:56,706 polysignal.executor INFO shadow executor warmed up
2026-07-17 19:54:57,674 polysignal.feeds INFO binance connected: wss://data-stream.binance.vision/ws/btcusdt@trade
2026-07-17 19:54:58,153 polysignal.feeds INFO oracle RTDS connected
2026-07-17 19:57:52,745 httpx INFO HTTP Request: GET https://clob.polymarket.com/ok "HTTP/2 200 OK"
2026-07-17 19:57:55,933 httpx INFO HTTP Request: GET https://clob.polymarket.com/ok "HTTP/2 200 OK"
2026-07-17 19:57:59,079 httpx INFO HTTP Request: GET https://clob.polymarket.com/ok "HTTP/2 200 OK"
2026-07-17 19:58:02,225 httpx INFO HTTP Request: GET https://clob.polymarket.com/ok "HTTP/2 200 OK"
2026-07-17 19:58:05,370 httpx INFO HTTP Request: GET https://clob.polymarket.com/ok "HTTP/2 200 OK"
2026-07-17 19:58:08,520 httpx INFO HTTP Request: GET https://clob.polymarket.com/ok "HTTP/2 200 OK"
2026-07-17 19:58:11,666 httpx INFO HTTP Request: GET https://clob.polymarket.com/ok "HTTP/2 200 OK"
2026-07-17 19:58:14,815 httpx INFO HTTP Request: GET https://clob.polymarket.com/ok "HTTP/2 200 OK"
2026-07-17 19:58:17,971 httpx INFO HTTP Request: GET https://clob.polymarket.com/ok "HTTP/2 200 OK"
2026-07-17 19:58:21,114 httpx INFO HTTP Request: GET https://clob.polymarket.com/ok "HTTP/2 200 OK"
2026-07-17 19:58:24,257 httpx INFO HTTP Request: GET https://clob.polymarket.com/ok "HTTP/2 200 OK"
2026-07-17 19:58:27,397 httpx INFO HTTP Request: GET https://clob.polymarket.com/ok "HTTP/2 200 OK"
2026-07-17 19:58:30,545 httpx INFO HTTP Request: GET https://clob.polymarket.com/ok "HTTP/2 200 OK"
2026-07-17 19:58:33,748 httpx INFO HTTP Request: GET https://clob.polymarket.com/ok "HTTP/2 200 OK"
2026-07-17 19:58:36,894 httpx INFO HTTP Request: GET https://clob.polymarket.com/ok "HTTP/2 200 OK"
2026-07-17 19:58:40,048 httpx INFO HTTP Request: GET https://clob.polymarket.com/ok "HTTP/2 200 OK"
2026-07-17 19:58:43,193 httpx INFO HTTP Request: GET https://clob.polymarket.com/ok "HTTP/2 200 OK"
2026-07-17 19:58:46,338 httpx INFO HTTP Request: GET https://clob.polymarket.com/ok "HTTP/2 200 OK"
2026-07-17 19:58:49,481 httpx INFO HTTP Request: GET https://clob.polymarket.com/ok "HTTP/2 200 OK"
2026-07-17 19:58:52,632 httpx INFO HTTP Request: GET https://clob.polymarket.com/ok "HTTP/2 200 OK"
2026-07-17 19:58:55,775 httpx INFO HTTP Request: GET https://clob.polymarket.com/ok "HTTP/2 200 OK"
2026-07-17 19:58:58,921 httpx INFO HTTP Request: GET https://clob.polymarket.com/ok "HTTP/2 200 OK"
2026-07-17 19:59:02,077 httpx INFO HTTP Request: GET https://clob.polymarket.com/ok "HTTP/2 200 OK"
2026-07-17 19:59:05,221 httpx INFO HTTP Request: GET https://clob.polymarket.com/ok "HTTP/2 200 OK"
2026-07-17 19:59:08,376 httpx INFO HTTP Request: GET https://clob.polymarket.com/ok "HTTP/2 200 OK"
2026-07-17 19:59:11,523 httpx INFO HTTP Request: GET https://clob.polymarket.com/ok "HTTP/2 200 OK"
2026-07-17 19:59:14,667 httpx INFO HTTP Request: GET https://clob.polymarket.com/ok "HTTP/2 200 OK"
2026-07-17 19:59:17,809 httpx INFO HTTP Request: GET https://clob.polymarket.com/ok "HTTP/2 200 OK"
2026-07-17 19:59:20,966 httpx INFO HTTP Request: GET https://clob.polymarket.com/ok "HTTP/2 200 OK"
2026-07-17 19:59:24,111 httpx INFO HTTP Request: GET https://clob.polymarket.com/ok "HTTP/2 200 OK"
2026-07-17 19:59:27,255 httpx INFO HTTP Request: GET https://clob.polymarket.com/ok "HTTP/2 200 OK"
2026-07-17 19:59:30,404 httpx INFO HTTP Request: GET https://clob.polymarket.com/ok "HTTP/2 200 OK"
2026-07-17 19:59:33,550 httpx INFO HTTP Request: GET https://clob.polymarket.com/ok "HTTP/2 200 OK"
2026-07-17 19:59:36,695 httpx INFO HTTP Request: GET https://clob.polymarket.com/ok "HTTP/2 200 OK"
2026-07-17 19:59:39,852 httpx INFO HTTP Request: GET https://clob.polymarket.com/ok "HTTP/2 200 OK"
2026-07-17 19:59:42,998 httpx INFO HTTP Request: GET https://clob.polymarket.com/ok "HTTP/2 200 OK"
2026-07-17 19:59:46,148 httpx INFO HTTP Request: GET https://clob.polymarket.com/ok "HTTP/2 200 OK"
2026-07-17 19:59:49,297 httpx INFO HTTP Request: GET https://clob.polymarket.com/ok "HTTP/2 200 OK"
2026-07-17 20:02:52,961 httpx INFO HTTP Request: GET https://clob.polymarket.com/ok "HTTP/2 200 OK"
2026-07-17 20:02:56,137 httpx INFO HTTP Request: GET https://clob.polymarket.com/ok "HTTP/2 200 OK"
2026-07-17 20:02:59,342 httpx INFO HTTP Request: GET https://clob.polymarket.com/ok "HTTP/2 200 OK"
2026-07-17 20:03:02,605 httpx INFO HTTP Request: GET https://clob.polymarket.com/ok "HTTP/2 200 OK"
2026-07-17 20:03:05,827 httpx INFO HTTP Request: GET https://clob.polymarket.com/ok "HTTP/2 200 OK"
2026-07-17 20:03:09,088 httpx INFO HTTP Request: GET https://clob.polymarket.com/ok "HTTP/2 200 OK"
2026-07-17 20:03:12,359 httpx INFO HTTP Request: GET https://clob.polymarket.com/ok "HTTP/2 200 OK"
2026-07-17 20:03:15,522 httpx INFO HTTP Request: GET https://clob.polymarket.com/ok "HTTP/2 200 OK"
2026-07-17 20:03:18,888 httpx INFO HTTP Request: GET https://clob.polymarket.com/ok "HTTP/2 200 OK"
2026-07-17 20:03:22,085 httpx INFO HTTP Request: GET https://clob.polymarket.com/ok "HTTP/2 200 OK"
2026-07-17 20:03:25,276 httpx INFO HTTP Request: GET https://clob.polymarket.com/ok "HTTP/2 200 OK"
2026-07-17 20:03:28,460 httpx INFO HTTP Request: GET https://clob.polymarket.com/ok "HTTP/2 200 OK"
2026-07-17 20:03:31,854 httpx INFO HTTP Request: GET https://clob.polymarket.com/ok "HTTP/2 200 OK"
2026-07-17 20:03:35,066 httpx INFO HTTP Request: GET https://clob.polymarket.com/ok "HTTP/2 200 OK"
2026-07-17 20:03:38,263 httpx INFO HTTP Request: GET https://clob.polymarket.com/ok "HTTP/2 200 OK"
2026-07-17 20:03:41,635 httpx INFO HTTP Request: GET https://clob.polymarket.com/ok "HTTP/2 200 OK"
2026-07-17 20:03:44,846 httpx INFO HTTP Request: GET https://clob.polymarket.com/ok "HTTP/2 200 OK"
2026-07-17 20:03:48,021 httpx INFO HTTP Request: GET https://clob.polymarket.com/ok "HTTP/2 200 OK"
2026-07-17 20:03:51,368 httpx INFO HTTP Request: GET https://clob.polymarket.com/ok "HTTP/2 200 OK"
2026-07-17 20:03:54,755 httpx INFO HTTP Request: GET https://clob.polymarket.com/ok "HTTP/2 200 OK"
2026-07-17 20:03:57,927 httpx INFO HTTP Request: GET https://clob.polymarket.com/ok "HTTP/2 200 OK"
2026-07-17 20:04:01,129 httpx INFO HTTP Request: GET https://clob.polymarket.com/ok "HTTP/2 200 OK"
2026-07-17 20:04:04,318 httpx INFO HTTP Request: GET https://clob.polymarket.com/ok "HTTP/2 200 OK"
2026-07-17 20:04:07,700 httpx INFO HTTP Request: GET https://clob.polymarket.com/ok "HTTP/2 200 OK"
2026-07-17 20:04:10,912 httpx INFO HTTP Request: GET https://clob.polymarket.com/ok "HTTP/2 200 OK"
2026-07-17 20:04:14,109 httpx INFO HTTP Request: GET https://clob.polymarket.com/ok "HTTP/2 200 OK"
2026-07-17 20:04:17,469 httpx INFO HTTP Request: GET https://clob.polymarket.com/ok "HTTP/2 200 OK"
2026-07-17 20:04:20,770 httpx INFO HTTP Request: GET https://clob.polymarket.com/ok "HTTP/2 200 OK"
2026-07-17 20:04:24,072 httpx INFO HTTP Request: GET https://clob.polymarket.com/ok "HTTP/2 200 OK"
2026-07-17 20:04:27,366 httpx INFO HTTP Request: GET https://clob.polymarket.com/ok "HTTP/2 200 OK"
2026-07-17 20:04:30,789 httpx INFO HTTP Request: GET https://clob.polymarket.com/ok "HTTP/2 200 OK"
2026-07-17 20:04:34,096 httpx INFO HTTP Request: GET https://clob.polymarket.com/ok "HTTP/2 200 OK"
2026-07-17 20:04:37,309 httpx INFO HTTP Request: GET https://clob.polymarket.com/ok "HTTP/2 200 OK"
2026-07-17 20:04:40,613 httpx INFO HTTP Request: GET https://clob.polymarket.com/ok "HTTP/2 200 OK"
2026-07-17 20:04:43,866 httpx INFO HTTP Request: GET https://clob.polymarket.com/ok "HTTP/2 200 OK"
2026-07-17 20:04:47,077 httpx INFO HTTP Request: GET https://clob.polymarket.com/ok "HTTP/2 200 OK"
2026-07-17 20:05:52,854 polysignal.feeds WARNING binance disconnected: ConnectionClosedError(None, None, None) — reconnect in 1s
2026-07-17 20:05:52,854 polysignal.feeds WARNING oracle disconnected: ConnectionClosedError(None, None, None) — reconnect in 1s
2026-07-17 20:05:53,858 polysignal.feeds WARNING binance disconnected: ConnectionRefusedError(111, "Connect call failed ('127.0.0.1', 39411)") — reconnect in 2s
2026-07-17 20:05:53,858 polysignal.feeds WARNING oracle disconnected: ConnectionRefusedError(111, "Connect call failed ('127.0.0.1', 39411)") — reconnect in 2s
2026-07-18 08:26:38,886 polysignal.executor INFO shadow executor warmed up
2026-07-18 08:26:39,177 polysignal.feeds INFO oracle RTDS connected
2026-07-18 08:26:39,324 polysignal.feeds INFO binance connected: wss://data-stream.binance.vision/ws/btcusdt@trade
